[2026-10-01 15:51:48] local.ERROR: Class "App\Http\Requests\FormRequest" not found {"userId":"01m3p0aqndsgbnaj3v0bnqpxcj","exception":"[object] (Error(code: 0): Class \"App\\Http\\Requests\\FormRequest\" not found at D:\\Kodingan\\PuspaHolistic\\puspa-rest-api\\app\\Http\\Requests\\StoreScheduleRequest.php:7)
[stacktrace]
#0 D:\\Kodingan\\PuspaHolistic\\puspa-rest-api\\vendor\\composer\\ClassLoader.php(576): include()
#1 D:\\Kodingan\\PuspaHolistic\\puspa-rest-api\\vendor\\composer\\ClassLoader.php(427): {closure:Composer\\Autoload\\ClassLoader::initializeIncludeClosure():575}('D:\\\\Kodingan\\\\Pus...')
#2 [internal function]: Composer\\Autoload\\ClassLoader->loadClass('App\\\\Http\\\\Reques...')
#3 D:\\Kodingan\\PuspaHolistic\\puspa-rest-api\\vendor\\laravel\\framework\\src\\Illuminate\\Support\\Reflector.php(161): enum_exists('App\\\\Http\\\\Reques...')
#4 D:\\Kodingan\\PuspaHolistic\\puspa-rest-api\\vendor\\laravel\\framework\\src\\Illuminate\\Routing\\RouteSignatureParameters.php(31): Illuminate\\Support\\Reflector::isParameterBackedEnumWithStringBackingType(Object(ReflectionParameter))
#5 [internal function]: Illuminate\\Routing\\RouteSignatureParameters::{closure:Illuminate\\Routing\\RouteSignatureParameters::fromAction():31}(Object(ReflectionParameter))
#6 D:\\Kodingan\\PuspaHolistic\\puspa-rest-api\\vendor\\laravel\\framework\\src\\Illuminate\\Routing\\RouteSignatureParameters.php(31): array_filter(Array, Object(Closure))
#7 D:\\Kodingan\\PuspaHolistic\\puspa-rest-api\\vendor\\laravel\\framework\\src\\Illuminate\\Routing\\Route.php(537): Illuminate\\Routing\\RouteSignatureParameters::fromAction(Array, Array)
#8 D:\\Kodingan\\PuspaHolistic\\puspa-rest-api\\vendor\\laravel\\framework\\src\\Illuminate\\Routing\\ImplicitRouteBinding.php(80): Illuminate\\Routing\\Route->signatureParameters(Array)
#9 D:\\Kodingan\\PuspaHolistic\\puspa-rest-api\\vendor\\laravel\\framework\\src\\Illuminate\\Routing\\ImplicitRouteBinding.php(28): Illuminate\\Routing\\ImplicitRouteBinding::resolveBackedEnumsForRoute(Object(Illuminate\\Routing\\Route), Array)
#10 D:\\Kodingan\\PuspaHolistic\\puspa-rest-api\\vendor\\laravel\\framework\\src\\Illuminate\\Routing\\Router.php(959): Illuminate\\Routing\\ImplicitRouteBinding::resolveForRoute(Object(Illuminate\\Foundation\\Application), Object(Illuminate\\Routing\\Route))
#11 [internal function]: Illuminate\\Routing\\Router->{closure:Illuminate\\Routing\\Router::substituteImplicitBindings():959}(Object(Illuminate\\Foundation\\Application), Object(Illuminate\\Routing\\Route), Object(Closure))
#12 D:\\Kodingan\\PuspaHolistic\\puspa-rest-api\\vendor\\laravel\\framework\\src\\Illuminate\\Routing\\Router.php(961): call_user_func(Object(Closure), Object(Illuminate\\Foundation\\Application), Object(Illuminate\\Routing\\Route), Object(Closure))
#13 D:\\Kodingan\\PuspaHolistic\\puspa-rest-api\\vendor\\laravel\\framework\\src\\Illuminate\\Routing\\Middleware\\SubstituteBindings.php(41): Illuminate\\Routing\\Router->substituteImplicitBindings(Object(Illuminate\\Routing\\Route))
#14 D:\\Kodingan\\PuspaHolistic\\puspa-rest-api\\vendor\\laravel\\framework\\src\\Illuminate\\Pipeline\\Pipeline.php(183): Illuminate\\Routing\\Middleware\\SubstituteBindings->handle(Object(Illuminate\\Http\\Request), Object(Closure))
#15 D:\\Kodingan\\PuspaHolistic\\puspa-rest-api\\vendor\\laravel\\framework\\src\\Illuminate\\Routing\\Middleware\\ThrottleRequests.php(159): Illuminate\\Pipeline\\Pipeline->{closure:{closure:Illuminate\\Pipeline\\Pipeline::carry():158}:159}(Object(Illuminate\\Http\\Request))
#16 D:\\Kodingan\\PuspaHolistic\\puspa-rest-api\\vendor\\laravel\\framework\\src\\Illuminate\\Routing\\Middleware\\ThrottleRequests.php(125): Illuminate\\Routing\\Middleware\\ThrottleRequests->handleRequest(Object(Illuminate\\Http\\Request), Object(Closure), Array)
#17 D:\\Kodingan\\PuspaHolistic\\puspa-rest-api\\vendor\\laravel\\framework\\src\\Illuminate\\Routing\\Middleware\\ThrottleRequests.php(87): Illuminate\\Routing\\Middleware\\ThrottleRequests->handleRequestUsingNamedLimiter(Object(Illuminate\\Http\\Request), Object(Closure), 'authenticated', Object(Closure))
#18 D:\\Kodingan\\PuspaHolistic\\puspa-rest-api\\vendor\\laravel\\framework\\src\\Illuminate\\Pipeline\\Pipeline.php(183): Illuminate\\Routing\\Middleware\\ThrottleRequests->handle(Object(Illuminate\\Http\\Request), Object(Closure), 'authenticated')
#19 D:\\Kodingan\\PuspaHolistic\\puspa-rest-api\\vendor\\laravel\\framework\\src\\Illuminate\\Routing\\Middleware\\ThrottleRequests.php(159): Illuminate\\Pipeline\\Pipeline->{closure:{closure:Illuminate\\Pipeline\\Pipeline::carry():158}:159}(Object(Illuminate\\Http\\Request))
#20 D:\\Kodingan\\PuspaHolistic\\puspa-rest-api\\vendor\\laravel\\framework\\src\\Illuminate\\Routing\\Middleware\\ThrottleRequests.php(125): Illuminate\\Routing\\Middleware\\ThrottleRequests->handleRequest(Object(Illuminate\\Http\\Request), Object(Closure), Array)
#21 D:\\Kodingan\\PuspaHolistic\\puspa-rest-api\\vendor\\laravel\\framework\\src\\Illuminate\\Routing\\Middleware\\ThrottleRequests.php(87): Illuminate\\Routing\\Middleware\\ThrottleRequests->handleRequestUsingNamedLimiter(Object(Illuminate\\Http\\Request), Object(Closure), 'api', Object(Closure))
#22 D:\\Kodingan\\PuspaHolistic\\puspa-rest-api\\vendor\\laravel\\framework\\src\\Illuminate\\Pipeline\\Pipeline.php(183): Illuminate\\Routing\\Middleware\\ThrottleRequests->handle(Object(Illuminate\\Http\\Request), Object(Closure), 'api')
#23 D:\\Kodingan\\PuspaHolistic\\puspa-rest-api\\vendor\\laravel\\framework\\src\\Illuminate\\Auth\\Middleware\\Authenticate.php(57): Illuminate\\Pipeline\\Pipeline->{closure:{closure:Illuminate\\Pipeline\\Pipeline::carry():158}:159}(Object(Illuminate\\Http\\Request))
#24 D:\\Kodingan\\PuspaHolistic\\puspa-rest-api\\vendor\\laravel\\framework\\src\\Illuminate\\Pipeline\\Pipeline.php(183): Illuminate\\Auth\\Middleware\\Authenticate->handle(Object(Illuminate\\Http\\Request), Object(Closure), 'sanctum')
#25 D:\\Kodingan\\PuspaHolistic\\puspa-rest-api\\vendor\\laravel\\sanctum\\src\\Http\\Middleware\\EnsureFrontendRequestsAreStateful.php(25): Illuminate\\Pipeline\\Pipeline->{closure:{closure:Illuminate\\Pipeline\\Pipeline::carry():158}:159}(Object(Illuminate\\Http\\Request))
#26 D:\\Kodingan\\PuspaHolistic\\puspa-rest-api\\vendor\\laravel\\framework\\src\\Illuminate\\Pipeline\\Pipeline.php(144): Laravel\\Sanctum\\Http\\Middleware\\EnsureFrontendRequestsAreStateful->{closure:Laravel\\Sanctum\\Http\\Middleware\\EnsureFrontendRequestsAreStateful::handle():24}(Object(Illuminate\\Http\\Request))
#27 D:\\Kodingan\\PuspaHolistic\\puspa-rest-api\\vendor\\laravel\\framework\\src\\Illuminate\\Pipeline\\Pipeline.php(119): Illuminate\\Pipeline\\Pipeline->{closure:Illuminate\\Pipeline\\Pipeline::prepareDestination():142}(Object(Illuminate\\Http\\Request))
#28 D:\\Kodingan\\PuspaHolistic\\puspa-rest-api\\vendor\\laravel\\sanctum\\src\\Http\\Middleware\\EnsureFrontendRequestsAreStateful.php(24): Illuminate\\Pipeline\\Pipeline->then(Object(Closure))
#29 D:\\Kodingan\\PuspaHolistic\\puspa-rest-api\\vendor\\laravel\\framework\\src\\Illuminate\\Pipeline\\Pipeline.php(183): Laravel\\Sanctum\\Http\\Middleware\\EnsureFrontendRequestsAreStateful->handle(Object(Illuminate\\Http\\Request), Object(Closure))
#30 D:\\Kodingan\\PuspaHolistic\\puspa-rest-api\\vendor\\laravel\\framework\\src\\Illuminate\\Pipeline\\Pipeline.php(119): Illuminate\\Pipeline\\Pipeline->{closure:{closure:Illuminate\\Pipeline\\Pipeline::carry():158}:159}(Object(Illuminate\\Http\\Request))
#31 D:\\Kodingan\\PuspaHolistic\\puspa-rest-api\\vendor\\laravel\\framework\\src\\Illuminate\\Routing\\Router.php(805): Illuminate\\Pipeline\\Pipeline->then(Object(Closure))
#32 D:\\Kodingan\\PuspaHolistic\\puspa-rest-api\\vendor\\laravel\\framework\\src\\Illuminate\\Routing\\Router.php(784): Illuminate\\Routing\\Router->runRouteWithinStack(Object(Illuminate\\Routing\\Route), Object(Illuminate\\Http\\Request))
#33 D:\\Kodingan\\PuspaHolistic\\puspa-rest-api\\vendor\\laravel\\framework\\src\\Illuminate\\Routing\\Router.php(748): Illuminate\\Routing\\Router->runRoute(Object(Illuminate\\Http\\Request), Object(Illuminate\\Routing\\Route))
#34 D:\\Kodingan\\PuspaHolistic\\puspa-rest-api\\vendor\\laravel\\framework\\src\\Illuminate\\Routing\\Router.php(737): Illuminate\\Routing\\Router->dispatchToRoute(Object(Illuminate\\Http\\Request))
#35 D:\\Kodingan\\PuspaHolistic\\puspa-rest-api\\vendor\\laravel\\framework\\src\\Illuminate\\Foundation\\Http\\Kernel.php(200): Illuminate\\Routing\\Router->dispatch(Object(Illuminate\\Http\\Request))
#36 D:\\Kodingan\\PuspaHolistic\\puspa-rest-api\\vendor\\laravel\\framework\\src\\Illuminate\\Pipeline\\Pipeline.php(144): Illuminate\\Foundation\\Http\\Kernel->{closure:Illuminate\\Foundation\\Http\\Kernel::dispatchToRouter():197}(Object(Illuminate\\Http\\Request))
#37 D:\\Kodingan\\PuspaHolistic\\puspa-rest-api\\vendor\\laravel\\framework\\src\\Illuminate\\Foundation\\Http\\Middleware\\TransformsRequest.php(21): Illuminate\\Pipeline\\Pipeline->{closure:Illuminate\\Pipeline\\Pipeline::prepareDestination():142}(Object(Illuminate\\Http\\Request))
#38 D:\\Kodingan\\PuspaHolistic\\puspa-rest-api\\vendor\\laravel\\framework\\src\\Illuminate\\Foundation\\Http\\Middleware\\ConvertEmptyStringsToNull.php(31): Illuminate\\Foundation\\Http\\Middleware\\TransformsRequest->handle(Object(Illuminate\\Http\\Request), Object(Closure))
#39 D:\\Kodingan\\PuspaHolistic\\puspa-rest-api\\vendor\\laravel\\framework\\src\\Illuminate\\Pipeline\\Pipeline.php(183): Illuminate\\Foundation\\Http\\Middleware\\ConvertEmptyStringsToNull->handle(Object(Illuminate\\Http\\Request), Object(Closure))
#40 D:\\Kodingan\\PuspaHolistic\\puspa-rest-api\\vendor\\laravel\\framework\\src\\Illuminate\\Foundation\\Http\\Middleware\\TransformsRequest.php(21): Illuminate\\Pipeline\\Pipeline->{closure:{closure:Illuminate\\Pipeline\\Pipeline::carry():158}:159}(Object(Illuminate\\Http\\Request))
#41 D:\\Kodingan\\PuspaHolistic\\puspa-rest-api\\vendor\\laravel\\framework\\src\\Illuminate\\Foundation\\Http\\Middleware\\TrimStrings.php(40): Illuminate\\Foundation\\Http\\Middleware\\TransformsRequest->handle(Object(Illuminate\\Http\\Request), Object(Closure))
#42 D:\\Kodingan\\PuspaHolistic\\puspa-rest-api\\vendor\\laravel\\framework\\src\\Illuminate\\Pipeline\\Pipeline.php(183): Illuminate\\Foundation\\Http\\Middleware\\TrimStrings->handle(Object(Illuminate\\Http\\Request), Object(Closure))
#43 D:\\Kodingan\\PuspaHolistic\\puspa-rest-api\\vendor\\laravel\\framework\\src\\Illuminate\\Foundation\\Http\\Middleware\\ValidatePostSize.php(27): Illuminate\\Pipeline\\Pipeline->{closure:{closure:Illuminate\\Pipeline\\Pipeline::carry():158}:159}(Object(Illuminate\\Http\\Request))
#44 D:\\Kodingan\\PuspaHolistic\\puspa-rest-api\\vendor\\laravel\\framework\\src\\Illuminate\\Pipeline\\Pipeline.php(183): Illuminate\\Foundation\\Http\\Middleware\\ValidatePostSize->handle(Object(Illuminate\\Http\\Request), Object(Closure))
#45 D:\\Kodingan\\PuspaHolistic\\puspa-rest-api\\vendor\\laravel\\framework\\src\\Illuminate\\Foundation\\Http\\Middleware\\PreventRequestsDuringMaintenance.php(99): Illuminate\\Pipeline\\Pipeline->{closure:{closure:Illuminate\\Pipeline\\Pipeline::carry():158}:159}(Object(Illuminate\\Http\\Request))
#46 D:\\Kodingan\\PuspaHolistic\\puspa-rest-api\\vendor\\laravel\\framework\\src\\Illuminate\\Pipeline\\Pipeline.php(183): Illuminate\\Foundation\\Http\\Middleware\\PreventRequestsDuringMaintenance->handle(Object(Illuminate\\Http\\Request), Object(Closure))
#47 D:\\Kodingan\\PuspaHolistic\\puspa-rest-api\\vendor\\laravel\\framework\\src\\Illuminate\\Http\\Middleware\\HandleCors.php(62): Illuminate\\Pipeline\\Pipeline->{closure:{closure:Illuminate\\Pipeline\\Pipeline::carry():158}:159}(Object(Illuminate\\Http\\Request))
#48 D:\\Kodingan\\PuspaHolistic\\puspa-rest-api\\vendor\\laravel\\framework\\src\\Illuminate\\Pipeline\\Pipeline.php(183): Illuminate\\Http\\Middleware\\HandleCors->handle(Object(Illuminate\\Http\\Request), Object(Closure))
#49 D:\\Kodingan\\PuspaHolistic\\puspa-rest-api\\vendor\\laravel\\framework\\src\\Illuminate\\Http\\Middleware\\TrustProxies.php(39): Illuminate\\Pipeline\\Pipeline->{closure:{closure:Illuminate\\Pipeline\\Pipeline::carry():158}:159}(Object(Illuminate\\Http\\Request))
#50 D:\\Kodingan\\PuspaHolistic\\puspa-rest-api\\vendor\\laravel\\framework\\src\\Illuminate\\Pipeline\\Pipeline.php(183): Illuminate\\Http\\Middleware\\TrustProxies->handle(Object(Illuminate\\Http\\Request), Object(Closure))
#51 D:\\Kodingan\\PuspaHolistic\\puspa-rest-api\\vendor\\laravel\\framework\\src\\Illuminate\\Pipeline\\Pipeline.php(119): Illuminate\\Pipeline\\Pipeline->{closure:{closure:Illuminate\\Pipeline\\Pipeline::carry():158}:159}(Object(Illuminate\\Http\\Request))
#52 D:\\Kodingan\\PuspaHolistic\\puspa-rest-api\\vendor\\laravel\\framework\\src\\Illuminate\\Foundation\\Http\\Kernel.php(175): Illuminate\\Pipeline\\Pipeline->then(Object(Closure))
#53 D:\\Kodingan\\PuspaHolistic\\puspa-rest-api\\vendor\\laravel\\framework\\src\\Illuminate\\Foundation\\Http\\Kernel.php(144): Illuminate\\Foundation\\Http\\Kernel->sendRequestThroughRouter(Object(Illuminate\\Http\\Request))
#54 D:\\Kodingan\\PuspaHolistic\\puspa-rest-api\\public\\index.php(51): Illuminate\\Foundation\\Http\\Kernel->handle(Object(Illuminate\\Http\\Request))
#55 D:\\Kodingan\\PuspaHolistic\\puspa-rest-api\\vendor\\laravel\\framework\\src\\Illuminate\\Foundation\\resources\\server.php(16): require_once('D:\\\\Kodingan\\\\Pus...')
#56 {main}
"} 
[2026-10-01 15:51:48] local.ERROR: Unhandled Exception: Class "App\Http\Requests\FormRequest" not found {"exception":"Error","file":"D:\\Kodingan\\PuspaHolistic\\puspa-rest-api\\app\\Http\\Requests\\StoreScheduleRequest.php","line":7,"url":"http://127.0.0.1:8000/api/v1/schedules","method":"POST","ip":"127.0.0.1","user_agent":"PostmanRuntime/2.8.0","user_id":"01m3p0aqndsgbnaj3v0bnqpxcj"} 
[2026-10-01 16:16:30] local.ERROR: Class "App\Http\Requests\FormRequest" not found {"exception":"[object] (Error(code: 0): Class \"App\\Http\\Requests\\FormRequest\" not found at D:\\Kodingan\\PuspaHolistic\\puspa-rest-api\\app\\Http\\Requests\\UpdateScheduleRequest.php:7)
[stacktrace]
#0 D:\\Kodingan\\PuspaHolistic\\puspa-rest-api\\vendor\\composer\\ClassLoader.php(576): include()
#1 D:\\Kodingan\\PuspaHolistic\\puspa-rest-api\\vendor\\composer\\ClassLoader.php(427): {closure:Composer\\Autoload\\ClassLoader::initializeIncludeClosure():575}('D:\\\\Kodingan\\\\Pus...')
#2 [internal function]: Composer\\Autoload\\ClassLoader->loadClass('App\\\\Http\\\\Reques...')
#3 D:\\Kodingan\\PuspaHolistic\\puspa-rest-api\\vendor\\zircote\\swagger-php\\src\\Analysers\\ReflectionAnalyser.php(88): class_exists('App\\\\Http\\\\Reques...')
#4 D:\\Kodingan\\PuspaHolistic\\puspa-rest-api\\vendor\\zircote\\swagger-php\\src\\Analysers\\ReflectionAnalyser.php(63): OpenApi\\Analysers\\ReflectionAnalyser->analyzeFqdn('App\\\\Http\\\\Reques...', Object(OpenApi\\Analysis), Array)
#5 D:\\Kodingan\\PuspaHolistic\\puspa-rest-api\\vendor\\zircote\\swagger-php\\src\\Generator.php(537): OpenApi\\Analysers\\ReflectionAnalyser->fromFile('D:\\\\Kodingan\\\\Pus...', Object(OpenApi\\Context))
#6 D:\\Kodingan\\PuspaHolistic\\puspa-rest-api\\vendor\\zircote\\swagger-php\\src\\Generator.php(497): OpenApi\\Generator->scanSources(Object(Symfony\\Component\\Finder\\Finder), Object(OpenApi\\Analysis), Object(OpenApi\\Context))
#7 D:\\Kodingan\\PuspaHolistic\\puspa-rest-api\\vendor\\darkaonline\\l5-swagger\\src\\Generator.php(191): OpenApi\\Generator->generate(Object(Symfony\\Component\\Finder\\Finder), Object(OpenApi\\Analysis))
#8 D:\\Kodingan\\PuspaHolistic\\puspa-rest-api\\vendor\\darkaonline\\l5-swagger\\src\\Generator.php(132): L5Swagger\\Generator->scanFilesForDocumentation()
#9 D:\\Kodingan\\PuspaHolistic\\puspa-rest-api\\vendor\\darkaonline\\l5-swagger\\src\\Console\\GenerateDocsCommand.php(72): L5Swagger\\Generator->generateDocs()
#10 D:\\Kodingan\\PuspaHolistic\\puspa-rest-api\\vendor\\darkaonline\\l5-swagger\\src\\Console\\GenerateDocsCommand.php(58): L5Swagger\\Console\\GenerateDocsCommand->generateDocumentation(Object(L5Swagger\\GeneratorFactory), 'default')
#11 D:\\Kodingan\\PuspaHolistic\\puspa-rest-api\\vendor\\laravel\\framework\\src\\Illuminate\\Container\\BoundMethod.php(36): L5Swagger\\Console\\GenerateDocsCommand->handle(Object(L5Swagger\\GeneratorFactory))
#12 D:\\Kodingan\\PuspaHolistic\\puspa-rest-api\\vendor\\laravel\\framework\\src\\Illuminate\\Container\\Util.php(41): Illuminate\\Container\\BoundMethod::{closure:Illuminate\\Container\\BoundMethod::call():35}()
#13 D:\\Kodingan\\PuspaHolistic\\puspa-rest-api\\vendor\\laravel\\framework\\src\\Illuminate\\Container\\BoundMethod.php(93): Illuminate\\Container\\Util::unwrapIfClosure(Object(Closure))
#14 D:\\Kodingan\\PuspaHolistic\\puspa-rest-api\\vendor\\laravel\\framework\\src\\Illuminate\\Container\\BoundMethod.php(35): Illuminate\\Container\\BoundMethod::callBoundMethod(Object(Illuminate\\Foundation\\Application), Array, Object(Closure))
#15 D:\\Kodingan\\PuspaHolistic\\puspa-rest-api\\vendor\\laravel\\framework\\src\\Illuminate\\Container\\Container.php(662): Illuminate\\Container\\BoundMethod::call(Object(Illuminate\\Foundation\\Application), Array, Array, NULL)
#16 D:\\Kodingan\\PuspaHolistic\\puspa-rest-api\\vendor\\laravel\\framework\\src\\Illuminate\\Console\\Command.php(211): Illuminate\\Container\\Container->call(Array)
#17 D:\\Kodingan\\PuspaHolistic\\puspa-rest-api\\vendor\\symfony\\console\\Command\\Command.php(326): Illuminate\\Console\\Command->execute(Object(Symfony\\Component\\Console\\Input\\ArgvInput), Object(Illuminate\\Console\\OutputStyle))
#18 D:\\Kodingan\\PuspaHolistic\\puspa-rest-api\\vendor\\laravel\\framework\\src\\Illuminate\\Console\\Command.php(180): Symfony\\Component\\Console\\Command\\Command->run(Object(Symfony\\Component\\Console\\Input\\ArgvInput), Object(Illuminate\\Console\\OutputStyle))
#19 D:\\Kodingan\\PuspaHolistic\\puspa-rest-api\\vendor\\symfony\\console\\Application.php(1096): Illuminate\\Console\\Command->run(Object(Symfony\\Component\\Console\\Input\\ArgvInput), Object(Symfony\\Component\\Console\\Output\\ConsoleOutput))
#20 D:\\Kodingan\\PuspaHolistic\\puspa-rest-api\\vendor\\symfony\\console\\Application.php(324): Symfony\\Component\\Console\\Application->doRunCommand(Object(L5Swagger\\Console\\GenerateDocsCommand), Object(Symfony\\Component\\Console\\Input\\ArgvInput), Object(Symfony\\Component\\Console\\Output\\ConsoleOutput))
#21 D:\\Kodingan\\PuspaHolistic\\puspa-rest-api\\vendor\\symfony\\console\\Application.php(175): Symfony\\Component\\Console\\Application->doRun(Object(Symfony\\Component\\Console\\Input\\ArgvInput), Object(Symfony\\Component\\Console\\Output\\ConsoleOutput))
#22 D:\\Kodingan\\PuspaHolistic\\puspa-rest-api\\vendor\\laravel\\framework\\src\\Illuminate\\Foundation\\Console\\Kernel.php(201): Symfony\\Component\\Console\\Application->run(Object(Symfony\\Component\\Console\\Input\\ArgvInput), Object(Symfony\\Component\\Console\\Output\\ConsoleOutput))
#23 D:\\Kodingan\\PuspaHolistic\\puspa-rest-api\\artisan(35): Illuminate\\Foundation\\Console\\Kernel->handle(Object(Symfony\\Component\\Console\\Input\\ArgvInput), Object(Symfony\\Component\\Console\\Output\\ConsoleOutput))
#24 {main}
"} 
[2026-10-01 16:17:16] local.ERROR: Required @OA\PathItem() not found {"exception":"[object] (ErrorException(code: 0): Required @OA\\PathItem() not found at D:\\Kodingan\\PuspaHolistic\\puspa-rest-api\\vendor\\zircote\\swagger-php\\src\\Loggers\\DefaultLogger.php:31)
[stacktrace]
#0 D:\\Kodingan\\PuspaHolistic\\puspa-rest-api\\vendor\\laravel\\framework\\src\\Illuminate\\Foundation\\Bootstrap\\HandleExceptions.php(255): Illuminate\\Foundation\\Bootstrap\\HandleExceptions->handleError(512, 'Required @OA\\\\Pa...', 'D:\\\\Kodingan\\\\Pus...', 31)
#1 [internal function]: Illuminate\\Foundation\\Bootstrap\\HandleExceptions->{closure:Illuminate\\Foundation\\Bootstrap\\HandleExceptions::forwardsTo():254}(512, 'Required @OA\\\\Pa...', 'D:\\\\Kodingan\\\\Pus...', 31)
#2 D:\\Kodingan\\PuspaHolistic\\puspa-rest-api\\vendor\\zircote\\swagger-php\\src\\Loggers\\DefaultLogger.php(31): trigger_error('Required @OA\\\\Pa...', 512)
#3 D:\\Kodingan\\PuspaHolistic\\puspa-rest-api\\vendor\\psr\\log\\src\\LoggerTrait.php(61): OpenApi\\Loggers\\DefaultLogger->log('warning', 'Required @OA\\\\Pa...', Array)
#4 D:\\Kodingan\\PuspaHolistic\\puspa-rest-api\\vendor\\zircote\\swagger-php\\src\\Annotations\\OpenApi.php(157): Psr\\Log\\AbstractLogger->warning('Required @OA\\\\Pa...')
#5 D:\\Kodingan\\PuspaHolistic\\puspa-rest-api\\vendor\\zircote\\swagger-php\\src\\Analysis.php(440): OpenApi\\Annotations\\OpenApi->validate()
#6 D:\\Kodingan\\PuspaHolistic\\puspa-rest-api\\vendor\\zircote\\swagger-php\\src\\Generator.php(511): OpenApi\\Analysis->validate()
#7 D:\\Kodingan\\PuspaHolistic\\puspa-rest-api\\vendor\\darkaonline\\l5-swagger\\src\\Generator.php(191): OpenApi\\Generator->generate(Object(Symfony\\Component\\Finder\\Finder), Object(OpenApi\\Analysis))
#8 D:\\Kodingan\\PuspaHolistic\\puspa-rest-api\\vendor\\darkaonline\\l5-swagger\\src\\Generator.php(132): L5Swagger\\Generator->scanFilesForDocumentation()
#9 D:\\Kodingan\\PuspaHolistic\\puspa-rest-api\\vendor\\darkaonline\\l5-swagger\\src\\Console\\GenerateDocsCommand.php(72): L5Swagger\\Generator->generateDocs()
#10 D:\\Kodingan\\PuspaHolistic\\puspa-rest-api\\vendor\\darkaonline\\l5-swagger\\src\\Console\\GenerateDocsCommand.php(58): L5Swagger\\Console\\GenerateDocsCommand->generateDocumentation(Object(L5Swagger\\GeneratorFactory), 'default')
#11 D:\\Kodingan\\PuspaHolistic\\puspa-rest-api\\vendor\\laravel\\framework\\src\\Illuminate\\Container\\BoundMethod.php(36): L5Swagger\\Console\\GenerateDocsCommand->handle(Object(L5Swagger\\GeneratorFactory))
#12 D:\\Kodingan\\PuspaHolistic\\puspa-rest-api\\vendor\\laravel\\framework\\src\\Illuminate\\Container\\Util.php(41): Illuminate\\Container\\BoundMethod::{closure:Illuminate\\Container\\BoundMethod::call():35}()
#13 D:\\Kodingan\\PuspaHolistic\\puspa-rest-api\\vendor\\laravel\\framework\\src\\Illuminate\\Container\\BoundMethod.php(93): Illuminate\\Container\\Util::unwrapIfClosure(Object(Closure))
#14 D:\\Kodingan\\PuspaHolistic\\puspa-rest-api\\vendor\\laravel\\framework\\src\\Illuminate\\Container\\BoundMethod.php(35): Illuminate\\Container\\BoundMethod::callBoundMethod(Object(Illuminate\\Foundation\\Application), Array, Object(Closure))
#15 D:\\Kodingan\\PuspaHolistic\\puspa-rest-api\\vendor\\laravel\\framework\\src\\Illuminate\\Container\\Container.php(662): Illuminate\\Container\\BoundMethod::call(Object(Illuminate\\Foundation\\Application), Array, Array, NULL)
#16 D:\\Kodingan\\PuspaHolistic\\puspa-rest-api\\vendor\\laravel\\framework\\src\\Illuminate\\Console\\Command.php(211): Illuminate\\Container\\Container->call(Array)
#17 D:\\Kodingan\\PuspaHolistic\\puspa-rest-api\\vendor\\symfony\\console\\Command\\Command.php(326): Illuminate\\Console\\Command->execute(Object(Symfony\\Component\\Console\\Input\\ArgvInput), Object(Illuminate\\Console\\OutputStyle))
#18 D:\\Kodingan\\PuspaHolistic\\puspa-rest-api\\vendor\\laravel\\framework\\src\\Illuminate\\Console\\Command.php(180): Symfony\\Component\\Console\\Command\\Command->run(Object(Symfony\\Component\\Console\\Input\\ArgvInput), Object(Illuminate\\Console\\OutputStyle))
#19 D:\\Kodingan\\PuspaHolistic\\puspa-rest-api\\vendor\\symfony\\console\\Application.php(1096): Illuminate\\Console\\Command->run(Object(Symfony\\Component\\Console\\Input\\ArgvInput), Object(Symfony\\Component\\Console\\Output\\ConsoleOutput))
#20 D:\\Kodingan\\PuspaHolistic\\puspa-rest-api\\vendor\\symfony\\console\\Application.php(324): Symfony\\Component\\Console\\Application->doRunCommand(Object(L5Swagger\\Console\\GenerateDocsCommand), Object(Symfony\\Component\\Console\\Input\\ArgvInput), Object(Symfony\\Component\\Console\\Output\\ConsoleOutput))
#21 D:\\Kodingan\\PuspaHolistic\\puspa-rest-api\\vendor\\symfony\\console\\Application.php(175): Symfony\\Component\\Console\\Application->doRun(Object(Symfony\\Component\\Console\\Input\\ArgvInput), Object(Symfony\\Component\\Console\\Output\\ConsoleOutput))
#22 D:\\Kodingan\\PuspaHolistic\\puspa-rest-api\\vendor\\laravel\\framework\\src\\Illuminate\\Foundation\\Console\\Kernel.php(201): Symfony\\Component\\Console\\Application->run(Object(Symfony\\Component\\Console\\Input\\ArgvInput), Object(Symfony\\Component\\Console\\Output\\ConsoleOutput))
#23 D:\\Kodingan\\PuspaHolistic\\puspa-rest-api\\artisan(35): Illuminate\\Foundation\\Console\\Kernel->handle(Object(Symfony\\Component\\Console\\Input\\ArgvInput), Object(Symfony\\Component\\Console\\Output\\ConsoleOutput))
#24 {main}
"} 
[2026-10-05 14:07:26] local.ERROR: SQLSTATE[23000]: Integrity constraint violation: 1062 Duplicate entry '01m3vd6hr4aqbp0h42fbvaea95' for key 'reschedules.reschedules_original_session_id_unique' (Connection: mysql, SQL: insert into `reschedules` (`original_session_id`, `new_session_id`, `requested_by`, `reason`, `id`, `updated_at`, `created_at`) values (01m3vd6hr4aqbp0h42fbvaea95, 01m45e72v99p1r0tk77k0xwfrc, guardian, demam, 01m45e72vb898tsde6kjk0b5kg, 2026-10-05 14:07:26, 2026-10-05 14:07:26)) {"userId":"01m3vd6fe801hcy8a1bfswg8k3","exception":"[object] (Illuminate\\Database\\UniqueConstraintViolationException(code: 23000): SQLSTATE[23000]: Integrity constraint violation: 1062 Duplicate entry '01m3vd6hr4aqbp0h42fbvaea95' for key 'reschedules.reschedules_original_session_id_unique' (Connection: mysql, SQL: insert into `reschedules` (`original_session_id`, `new_session_id`, `requested_by`, `reason`, `id`, `updated_at`, `created_at`) values (01m3vd6hr4aqbp0h42fbvaea95, 01m45e72v99p1r0tk77k0xwfrc, guardian, demam, 01m45e72vb898tsde6kjk0b5kg, 2026-10-05 14:07:26, 2026-10-05 14:07:26)) at D:\\Kodingan\\PuspaHolistic\\puspa-rest-api\\vendor\\laravel\\framework\\src\\Illuminate\\Database\\Connection.php:824)
[stacktrace]
#0 D:\\Kodingan\\PuspaHolistic\\puspa-rest-api\\vendor\\laravel\\framework\\src\\Illuminate\\Database\\Connection.php(783): Illuminate\\Database\\Connection->runQueryCallback('insert into `re...', Array, Object(Closure))
#1 D:\\Kodingan\\PuspaHolistic\\puspa-rest-api\\vendor\\laravel\\framework\\src\\Illuminate\\Database\\MySqlConnection.php(34): Illuminate\\Database\\Connection->run('insert into `re...', Array, Object(Closure))
#2 D:\\Kodingan\\PuspaHolistic\\puspa-rest-api\\vendor\\laravel\\framework\\src\\Illuminate\\Database\\Query\\Builder.php(3498): Illuminate\\Database\\MySqlConnection->insert('insert into `re...', Array)
#3 D:\\Kodingan\\PuspaHolistic\\puspa-rest-api\\vendor\\laravel\\framework\\src\\Illuminate\\Database\\Eloquent\\Builder.php(1982): Illuminate\\Database\\Query\\Builder->insert(Array)
#4 D:\\Kodingan\\PuspaHolistic\\puspa-rest-api\\vendor\\laravel\\framework\\src\\Illuminate\\Database\\Eloquent\\Model.php(1310): Illuminate\\Database\\Eloquent\\Builder->__call('insert', Array)
#5 D:\\Kodingan\\PuspaHolistic\\puspa-rest-api\\vendor\\laravel\\framework\\src\\Illuminate\\Database\\Eloquent\\Model.php(1138): Illuminate\\Database\\Eloquent\\Model->performInsert(Object(Illuminate\\Database\\Eloquent\\Builder))
#6 D:\\Kodingan\\PuspaHolistic\\puspa-rest-api\\vendor\\laravel\\framework\\src\\Illuminate\\Database\\Eloquent\\Builder.php(1025): Illuminate\\Database\\Eloquent\\Model->save()
#7 D:\\Kodingan\\PuspaHolistic\\puspa-rest-api\\vendor\\laravel\\framework\\src\\Illuminate\\Support\\helpers.php(320): Illuminate\\Database\\Eloquent\\Builder->{closure:Illuminate\\Database\\Eloquent\\Builder::create():1024}(Object(App\\Models\\Reschedule))
#8 D:\\Kodingan\\PuspaHolistic\\puspa-rest-api\\vendor\\laravel\\framework\\src\\Illuminate\\Database\\Eloquent\\Builder.php(1024): tap(Object(App\\Models\\Reschedule), Object(Closure))
#9 D:\\Kodingan\\PuspaHolistic\\puspa-rest-api\\vendor\\laravel\\framework\\src\\Illuminate\\Support\\Traits\\ForwardsCalls.php(23): Illuminate\\Database\\Eloquent\\Builder->create(Array)
#10 D:\\Kodingan\\PuspaHolistic\\puspa-rest-api\\vendor\\laravel\\framework\\src\\Illuminate\\Database\\Eloquent\\Model.php(2335): Illuminate\\Database\\Eloquent\\Model->forwardCallTo(Object(Illuminate\\Database\\Eloquent\\Builder), 'create', Array)
#11 D:\\Kodingan\\PuspaHolistic\\puspa-rest-api\\vendor\\laravel\\framework\\src\\Illuminate\\Database\\Eloquent\\Model.php(2347): Illuminate\\Database\\Eloquent\\Model->__call('create', Array)
#12 D:\\Kodingan\\PuspaHolistic\\puspa-rest-api\\app\\Services\\RescheduleService.php(29): Illuminate\\Database\\Eloquent\\Model::__callStatic('create', Array)
#13 D:\\Kodingan\\PuspaHolistic\\puspa-rest-api\\vendor\\laravel\\framework\\src\\Illuminate\\Database\\Concerns\\ManagesTransactions.php(30): App\\Services\\RescheduleService->{closure:App\\Services\\RescheduleService::createReschedule():13}(Object(Illuminate\\Database\\MySqlConnection))
#14 D:\\Kodingan\\PuspaHolistic\\puspa-rest-api\\vendor\\laravel\\framework\\src\\Illuminate\\Database\\DatabaseManager.php(509): Illuminate\\Database\\Connection->transaction(Object(Closure))
#15 D:\\Kodingan\\PuspaHolistic\\puspa-rest-api\\vendor\\laravel\\framework\\src\\Illuminate\\Support\\Facades\\Facade.php(355): Illuminate\\Database\\DatabaseManager->__call('transaction', Array)
#16 D:\\Kodingan\\PuspaHolistic\\puspa-rest-api\\app\\Services\\RescheduleService.php(13): Illuminate\\Support\\Facades\\Facade::__callStatic('transaction', Array)
#17 D:\\Kodingan\\PuspaHolistic\\puspa-rest-api\\app\\Http\\Controllers\\Admin\\RescheduleController.php(26): App\\Services\\RescheduleService->createReschedule(Object(App\\Models\\TherapySession), Array)
#18 D:\\Kodingan\\PuspaHolistic\\puspa-rest-api\\vendor\\laravel\\framework\\src\\Illuminate\\Routing\\Controller.php(54): App\\Http\\Controllers\\Admin\\RescheduleController->store(Object(App\\Http\\Requests\\StoreRescheduleRequest), Object(App\\Models\\TherapySession))
#19 D:\\Kodingan\\PuspaHolistic\\puspa-rest-api\\vendor\\laravel\\framework\\src\\Illuminate\\Routing\\ControllerDispatcher.php(43): Illuminate\\Routing\\Controller->callAction('store', Array)
#20 D:\\Kodingan\\PuspaHolistic\\puspa-rest-api\\vendor\\laravel\\framework\\src\\Illuminate\\Routing\\Route.php(259): Illuminate\\Routing\\ControllerDispatcher->dispatch(Object(Illuminate\\Routing\\Route), Object(App\\Http\\Controllers\\Admin\\RescheduleController), 'store')
#21 D:\\Kodingan\\PuspaHolistic\\puspa-rest-api\\vendor\\laravel\\framework\\src\\Illuminate\\Routing\\Route.php(205): Illuminate\\Routing\\Route->runController()
#22 D:\\Kodingan\\PuspaHolistic\\puspa-rest-api\\vendor\\laravel\\framework\\src\\Illuminate\\Routing\\Router.php(806): Illuminate\\Routing\\Route->run()
#23 D:\\Kodingan\\PuspaHolistic\\puspa-rest-api\\vendor\\laravel\\framework\\src\\Illuminate\\Pipeline\\Pipeline.php(144): Illuminate\\Routing\\Router->{closure:Illuminate\\Routing\\Router::runRouteWithinStack():805}(Object(Illuminate\\Http\\Request))
#24 D:\\Kodingan\\PuspaHolistic\\puspa-rest-api\\vendor\\spatie\\laravel-permission\\src\\Middleware\\RoleMiddleware.php(37): Illuminate\\Pipeline\\Pipeline->{closure:Illuminate\\Pipeline\\Pipeline::prepareDestination():142}(Object(Illuminate\\Http\\Request))
#25 D:\\Kodingan\\PuspaHolistic\\puspa-rest-api\\vendor\\laravel\\framework\\src\\Illuminate\\Pipeline\\Pipeline.php(183): Spatie\\Permission\\Middleware\\RoleMiddleware->handle(Object(Illuminate\\Http\\Request), Object(Closure), 'admin|owner')
#26 D:\\Kodingan\\PuspaHolistic\\puspa-rest-api\\vendor\\laravel\\framework\\src\\Illuminate\\Routing\\Middleware\\SubstituteBindings.php(50): Illuminate\\Pipeline\\Pipeline->{closure:{closure:Illuminate\\Pipeline\\Pipeline::carry():158}:159}(Object(Illuminate\\Http\\Request))
#27 D:\\Kodingan\\PuspaHolistic\\puspa-rest-api\\vendor\\laravel\\framework\\src\\Illuminate\\Pipeline\\Pipeline.php(183): Illuminate\\Routing\\Middleware\\SubstituteBindings->handle(Object(Illuminate\\Http\\Request), Object(Closure))
#28 D:\\Kodingan\\PuspaHolistic\\puspa-rest-api\\vendor\\laravel\\framework\\src\\Illuminate\\Routing\\Middleware\\ThrottleRequests.php(159): Illuminate\\Pipeline\\Pipeline->{closure:{closure:Illuminate\\Pipeline\\Pipeline::carry():158}:159}(Object(Illuminate\\Http\\Request))
#29 D:\\Kodingan\\PuspaHolistic\\puspa-rest-api\\vendor\\laravel\\framework\\src\\Illuminate\\Routing\\Middleware\\ThrottleRequests.php(125): Illuminate\\Routing\\Middleware\\ThrottleRequests->handleRequest(Object(Illuminate\\Http\\Request), Object(Closure), Array)
#30 D:\\Kodingan\\PuspaHolistic\\puspa-rest-api\\vendor\\laravel\\framework\\src\\Illuminate\\Routing\\Middleware\\ThrottleRequests.php(87): Illuminate\\Routing\\Middleware\\ThrottleRequests->handleRequestUsingNamedLimiter(Object(Illuminate\\Http\\Request), Object(Closure), 'authenticated', Object(Closure))
#31 D:\\Kodingan\\PuspaHolistic\\puspa-rest-api\\vendor\\laravel\\framework\\src\\Illuminate\\Pipeline\\Pipeline.php(183): Illuminate\\Routing\\Middleware\\ThrottleRequests->handle(Object(Illuminate\\Http\\Request), Object(Closure), 'authenticated')
#32 D:\\Kodingan\\PuspaHolistic\\puspa-rest-api\\vendor\\laravel\\framework\\src\\Illuminate\\Routing\\Middleware\\ThrottleRequests.php(159): Illuminate\\Pipeline\\Pipeline->{closure:{closure:Illuminate\\Pipeline\\Pipeline::carry():158}:159}(Object(Illuminate\\Http\\Request))
#33 D:\\Kodingan\\PuspaHolistic\\puspa-rest-api\\vendor\\laravel\\framework\\src\\Illuminate\\Routing\\Middleware\\ThrottleRequests.php(125): Illuminate\\Routing\\Middleware\\ThrottleRequests->handleRequest(Object(Illuminate\\Http\\Request), Object(Closure), Array)
#34 D:\\Kodingan\\PuspaHolistic\\puspa-rest-api\\vendor\\laravel\\framework\\src\\Illuminate\\Routing\\Middleware\\ThrottleRequests.php(87): Illuminate\\Routing\\Middleware\\ThrottleRequests->handleRequestUsingNamedLimiter(Object(Illuminate\\Http\\Request), Object(Closure), 'api', Object(Closure))
#35 D:\\Kodingan\\PuspaHolistic\\puspa-rest-api\\vendor\\laravel\\framework\\src\\Illuminate\\Pipeline\\Pipeline.php(183): Illuminate\\Routing\\Middleware\\ThrottleRequests->handle(Object(Illuminate\\Http\\Request), Object(Closure), 'api')
#36 D:\\Kodingan\\PuspaHolistic\\puspa-rest-api\\vendor\\laravel\\framework\\src\\Illuminate\\Auth\\Middleware\\Authenticate.php(57): Illuminate\\Pipeline\\Pipeline->{closure:{closure:Illuminate\\Pipeline\\Pipeline::carry():158}:159}(Object(Illuminate\\Http\\Request))
#37 D:\\Kodingan\\PuspaHolistic\\puspa-rest-api\\vendor\\laravel\\framework\\src\\Illuminate\\Pipeline\\Pipeline.php(183): Illuminate\\Auth\\Middleware\\Authenticate->handle(Object(Illuminate\\Http\\Request), Object(Closure), 'sanctum')
#38 D:\\Kodingan\\PuspaHolistic\\puspa-rest-api\\vendor\\laravel\\sanctum\\src\\Http\\Middleware\\EnsureFrontendRequestsAreStateful.php(25): Illuminate\\Pipeline\\Pipeline->{closure:{closure:Illuminate\\Pipeline\\Pipeline::carry():158}:159}(Object(Illuminate\\Http\\Request))
#39 D:\\Kodingan\\PuspaHolistic\\puspa-rest-api\\vendor\\laravel\\framework\\src\\Illuminate\\Pipeline\\Pipeline.php(144): Laravel\\Sanctum\\Http\\Middleware\\EnsureFrontendRequestsAreStateful->{closure:Laravel\\Sanctum\\Http\\Middleware\\EnsureFrontendRequestsAreStateful::handle():24}(Object(Illuminate\\Http\\Request))
#40 D:\\Kodingan\\PuspaHolistic\\puspa-rest-api\\vendor\\laravel\\framework\\src\\Illuminate\\Foundation\\Http\\Middleware\\VerifyCsrfToken.php(78): Illuminate\\Pipeline\\Pipeline->{closure:Illuminate\\Pipeline\\Pipeline::prepareDestination():142}(Object(Illuminate\\Http\\Request))
#41 D:\\Kodingan\\PuspaHolistic\\puspa-rest-api\\vendor\\laravel\\framework\\src\\Illuminate\\Pipeline\\Pipeline.php(183): Illuminate\\Foundation\\Http\\Middleware\\VerifyCsrfToken->handle(Object(Illuminate\\Http\\Request), Object(Closure))
#42 D:\\Kodingan\\PuspaHolistic\\puspa-rest-api\\vendor\\laravel\\framework\\src\\Illuminate\\Session\\Middleware\\StartSession.php(121): Illuminate\\Pipeline\\Pipeline->{closure:{closure:Illuminate\\Pipeline\\Pipeline::carry():158}:159}(Object(Illuminate\\Http\\Request))
#43 D:\\Kodingan\\PuspaHolistic\\puspa-rest-api\\vendor\\laravel\\framework\\src\\Illuminate\\Session\\Middleware\\StartSession.php(64): Illuminate\\Session\\Middleware\\StartSession->handleStatefulRequest(Object(Illuminate\\Http\\Request), Object(Illuminate\\Session\\Store), Object(Closure))
#44 D:\\Kodingan\\PuspaHolistic\\puspa-rest-api\\vendor\\laravel\\framework\\src\\Illuminate\\Pipeline\\Pipeline.php(183): Illuminate\\Session\\Middleware\\StartSession->handle(Object(Illuminate\\Http\\Request), Object(Closure))
#45 D:\\Kodingan\\PuspaHolistic\\puspa-rest-api\\vendor\\laravel\\framework\\src\\Illuminate\\Cookie\\Middleware\\AddQueuedCookiesToResponse.php(37): Illuminate\\Pipeline\\Pipeline->{closure:{closure:Illuminate\\Pipeline\\Pipeline::carry():158}:159}(Object(Illuminate\\Http\\Request))
#46 D:\\Kodingan\\PuspaHolistic\\puspa-rest-api\\vendor\\laravel\\framework\\src\\Illuminate\\Pipeline\\Pipeline.php(183): Illuminate\\Cookie\\Middleware\\AddQueuedCookiesToResponse->handle(Object(Illuminate\\Http\\Request), Object(Closure))
#47 D:\\Kodingan\\PuspaHolistic\\puspa-rest-api\\vendor\\laravel\\framework\\src\\Illuminate\\Cookie\\Middleware\\EncryptCookies.php(67): Illuminate\\Pipeline\\Pipeline->{closure:{closure:Illuminate\\Pipeline\\Pipeline::carry():158}:159}(Object(Illuminate\\Http\\Request))
#48 D:\\Kodingan\\PuspaHolistic\\puspa-rest-api\\vendor\\laravel\\framework\\src\\Illuminate\\Pipeline\\Pipeline.php(183): Illuminate\\Cookie\\Middleware\\EncryptCookies->handle(Object(Illuminate\\Http\\Request), Object(Closure))
#49 D:\\Kodingan\\PuspaHolistic\\puspa-rest-api\\vendor\\laravel\\sanctum\\src\\Http\\Middleware\\EnsureFrontendRequestsAreStateful.php(61): Illuminate\\Pipeline\\Pipeline->{closure:{closure:Illuminate\\Pipeline\\Pipeline::carry():158}:159}(Object(Illuminate\\Http\\Request))
#50 D:\\Kodingan\\PuspaHolistic\\puspa-rest-api\\vendor\\laravel\\framework\\src\\Illuminate\\Pipeline\\Pipeline.php(165): Laravel\\Sanctum\\Http\\Middleware\\EnsureFrontendRequestsAreStateful->{closure:Laravel\\Sanctum\\Http\\Middleware\\EnsureFrontendRequestsAreStateful::frontendMiddleware():58}(Object(Illuminate\\Http\\Request), Object(Closure))
#51 D:\\Kodingan\\PuspaHolistic\\puspa-rest-api\\vendor\\laravel\\framework\\src\\Illuminate\\Pipeline\\Pipeline.php(119): Illuminate\\Pipeline\\Pipeline->{closure:{closure:Illuminate\\Pipeline\\Pipeline::carry():158}:159}(Object(Illuminate\\Http\\Request))
#52 D:\\Kodingan\\PuspaHolistic\\puspa-rest-api\\vendor\\laravel\\sanctum\\src\\Http\\Middleware\\EnsureFrontendRequestsAreStateful.php(24): Illuminate\\Pipeline\\Pipeline->then(Object(Closure))
#53 D:\\Kodingan\\PuspaHolistic\\puspa-rest-api\\vendor\\laravel\\framework\\src\\Illuminate\\Pipeline\\Pipeline.php(183): Laravel\\Sanctum\\Http\\Middleware\\EnsureFrontendRequestsAreStateful->handle(Object(Illuminate\\Http\\Request), Object(Closure))
#54 D:\\Kodingan\\PuspaHolistic\\puspa-rest-api\\vendor\\laravel\\framework\\src\\Illuminate\\Pipeline\\Pipeline.php(119): Illuminate\\Pipeline\\Pipeline->{closure:{closure:Illuminate\\Pipeline\\Pipeline::carry():158}:159}(Object(Illuminate\\Http\\Request))
#55 D:\\Kodingan\\PuspaHolistic\\puspa-rest-api\\vendor\\laravel\\framework\\src\\Illuminate\\Routing\\Router.php(805): Illuminate\\Pipeline\\Pipeline->then(Object(Closure))
#56 D:\\Kodingan\\PuspaHolistic\\puspa-rest-api\\vendor\\laravel\\framework\\src\\Illuminate\\Routing\\Router.php(784): Illuminate\\Routing\\Router->runRouteWithinStack(Object(Illuminate\\Routing\\Route), Object(Illuminate\\Http\\Request))
#57 D:\\Kodingan\\PuspaHolistic\\puspa-rest-api\\vendor\\laravel\\framework\\src\\Illuminate\\Routing\\Router.php(748): Illuminate\\Routing\\Router->runRoute(Object(Illuminate\\Http\\Request), Object(Illuminate\\Routing\\Route))
#58 D:\\Kodingan\\PuspaHolistic\\puspa-rest-api\\vendor\\laravel\\framework\\src\\Illuminate\\Routing\\Router.php(737): Illuminate\\Routing\\Router->dispatchToRoute(Object(Illuminate\\Http\\Request))
#59 D:\\Kodingan\\PuspaHolistic\\puspa-rest-api\\vendor\\laravel\\framework\\src\\Illuminate\\Foundation\\Http\\Kernel.php(200): Illuminate\\Routing\\Router->dispatch(Object(Illuminate\\Http\\Request))
#60 D:\\Kodingan\\PuspaHolistic\\puspa-rest-api\\vendor\\laravel\\framework\\src\\Illuminate\\Pipeline\\Pipeline.php(144): Illuminate\\Foundation\\Http\\Kernel->{closure:Illuminate\\Foundation\\Http\\Kernel::dispatchToRouter():197}(Object(Illuminate\\Http\\Request))
#61 D:\\Kodingan\\PuspaHolistic\\puspa-rest-api\\vendor\\laravel\\framework\\src\\Illuminate\\Foundation\\Http\\Middleware\\TransformsRequest.php(21): Illuminate\\Pipeline\\Pipeline->{closure:Illuminate\\Pipeline\\Pipeline::prepareDestination():142}(Object(Illuminate\\Http\\Request))
#62 D:\\Kodingan\\PuspaHolistic\\puspa-rest-api\\vendor\\laravel\\framework\\src\\Illuminate\\Foundation\\Http\\Middleware\\ConvertEmptyStringsToNull.php(31): Illuminate\\Foundation\\Http\\Middleware\\TransformsRequest->handle(Object(Illuminate\\Http\\Request), Object(Closure))
#63 D:\\Kodingan\\PuspaHolistic\\puspa-rest-api\\vendor\\laravel\\framework\\src\\Illuminate\\Pipeline\\Pipeline.php(183): Illuminate\\Foundation\\Http\\Middleware\\ConvertEmptyStringsToNull->handle(Object(Illuminate\\Http\\Request), Object(Closure))
#64 D:\\Kodingan\\PuspaHolistic\\puspa-rest-api\\vendor\\laravel\\framework\\src\\Illuminate\\Foundation\\Http\\Middleware\\TransformsRequest.php(21): Illuminate\\Pipeline\\Pipeline->{closure:{closure:Illuminate\\Pipeline\\Pipeline::carry():158}:159}(Object(Illuminate\\Http\\Request))
#65 D:\\Kodingan\\PuspaHolistic\\puspa-rest-api\\vendor\\laravel\\framework\\src\\Illuminate\\Foundation\\Http\\Middleware\\TrimStrings.php(40): Illuminate\\Foundation\\Http\\Middleware\\TransformsRequest->handle(Object(Illuminate\\Http\\Request), Object(Closure))
#66 D:\\Kodingan\\PuspaHolistic\\puspa-rest-api\\vendor\\laravel\\framework\\src\\Illuminate\\Pipeline\\Pipeline.php(183): Illuminate\\Foundation\\Http\\Middleware\\TrimStrings->handle(Object(Illuminate\\Http\\Request), Object(Closure))
#67 D:\\Kodingan\\PuspaHolistic\\puspa-rest-api\\vendor\\laravel\\framework\\src\\Illuminate\\Foundation\\Http\\Middleware\\ValidatePostSize.php(27): Illuminate\\Pipeline\\Pipeline->{closure:{closure:Illuminate\\Pipeline\\Pipeline::carry():158}:159}(Object(Illuminate\\Http\\Request))
#68 D:\\Kodingan\\PuspaHolistic\\puspa-rest-api\\vendor\\laravel\\framework\\src\\Illuminate\\Pipeline\\Pipeline.php(183): Illuminate\\Foundation\\Http\\Middleware\\ValidatePostSize->handle(Object(Illuminate\\Http\\Request), Object(Closure))
#69 D:\\Kodingan\\PuspaHolistic\\puspa-rest-api\\vendor\\laravel\\framework\\src\\Illuminate\\Foundation\\Http\\Middleware\\PreventRequestsDuringMaintenance.php(99): Illuminate\\Pipeline\\Pipeline->{closure:{closure:Illuminate\\Pipeline\\Pipeline::carry():158}:159}(Object(Illuminate\\Http\\Request))
#70 D:\\Kodingan\\PuspaHolistic\\puspa-rest-api\\vendor\\laravel\\framework\\src\\Illuminate\\Pipeline\\Pipeline.php(183): Illuminate\\Foundation\\Http\\Middleware\\PreventRequestsDuringMaintenance->handle(Object(Illuminate\\Http\\Request), Object(Closure))
#71 D:\\Kodingan\\PuspaHolistic\\puspa-rest-api\\vendor\\laravel\\framework\\src\\Illuminate\\Http\\Middleware\\HandleCors.php(62): Illuminate\\Pipeline\\Pipeline->{closure:{closure:Illuminate\\Pipeline\\Pipeline::carry():158}:159}(Object(Illuminate\\Http\\Request))
#72 D:\\Kodingan\\PuspaHolistic\\puspa-rest-api\\vendor\\laravel\\framework\\src\\Illuminate\\Pipeline\\Pipeline.php(183): Illuminate\\Http\\Middleware\\HandleCors->handle(Object(Illuminate\\Http\\Request), Object(Closure))
#73 D:\\Kodingan\\PuspaHolistic\\puspa-rest-api\\vendor\\laravel\\framework\\src\\Illuminate\\Http\\Middleware\\TrustProxies.php(39): Illuminate\\Pipeline\\Pipeline->{closure:{closure:Illuminate\\Pipeline\\Pipeline::carry():158}:159}(Object(Illuminate\\Http\\Request))
#74 D:\\Kodingan\\PuspaHolistic\\puspa-rest-api\\vendor\\laravel\\framework\\src\\Illuminate\\Pipeline\\Pipeline.php(183): Illuminate\\Http\\Middleware\\TrustProxies->handle(Object(Illuminate\\Http\\Request), Object(Closure))
#75 D:\\Kodingan\\PuspaHolistic\\puspa-rest-api\\vendor\\laravel\\framework\\src\\Illuminate\\Pipeline\\Pipeline.php(119): Illuminate\\Pipeline\\Pipeline->{closure:{closure:Illuminate\\Pipeline\\Pipeline::carry():158}:159}(Object(Illuminate\\Http\\Request))
#76 D:\\Kodingan\\PuspaHolistic\\puspa-rest-api\\vendor\\laravel\\framework\\src\\Illuminate\\Foundation\\Http\\Kernel.php(175): Illuminate\\Pipeline\\Pipeline->then(Object(Closure))
#77 D:\\Kodingan\\PuspaHolistic\\puspa-rest-api\\vendor\\laravel\\framework\\src\\Illuminate\\Foundation\\Http\\Kernel.php(144): Illuminate\\Foundation\\Http\\Kernel->sendRequestThroughRouter(Object(Illuminate\\Http\\Request))
#78 D:\\Kodingan\\PuspaHolistic\\puspa-rest-api\\public\\index.php(51): Illuminate\\Foundation\\Http\\Kernel->handle(Object(Illuminate\\Http\\Request))
#79 D:\\Kodingan\\PuspaHolistic\\puspa-rest-api\\vendor\\laravel\\framework\\src\\Illuminate\\Foundation\\resources\\server.php(16): require_once('D:\\\\Kodingan\\\\Pus...')
#80 {main}

[previous exception] [object] (PDOException(code: 23000): SQLSTATE[23000]: Integrity constraint violation: 1062 Duplicate entry '01m3vd6hr4aqbp0h42fbvaea95' for key 'reschedules.reschedules_original_session_id_unique' at D:\\Kodingan\\PuspaHolistic\\puspa-rest-api\\vendor\\laravel\\framework\\src\\Illuminate\\Database\\MySqlConnection.php:45)
[stacktrace]
#0 D:\\Kodingan\\PuspaHolistic\\puspa-rest-api\\vendor\\laravel\\framework\\src\\Illuminate\\Database\\MySqlConnection.php(45): PDOStatement->execute()
#1 D:\\Kodingan\\PuspaHolistic\\puspa-rest-api\\vendor\\laravel\\framework\\src\\Illuminate\\Database\\Connection.php(816): Illuminate\\Database\\MySqlConnection->{closure:Illuminate\\Database\\MySqlConnection::insert():34}('insert into `re...', Array)
#2 D:\\Kodingan\\PuspaHolistic\\puspa-rest-api\\vendor\\laravel\\framework\\src\\Illuminate\\Database\\Connection.php(783): Illuminate\\Database\\Connection->runQueryCallback('insert into `re...', Array, Object(Closure))
#3 D:\\Kodingan\\PuspaHolistic\\puspa-rest-api\\vendor\\laravel\\framework\\src\\Illuminate\\Database\\MySqlConnection.php(34): Illuminate\\Database\\Connection->run('insert into `re...', Array, Object(Closure))
#4 D:\\Kodingan\\PuspaHolistic\\puspa-rest-api\\vendor\\laravel\\framework\\src\\Illuminate\\Database\\Query\\Builder.php(3498): Illuminate\\Database\\MySqlConnection->insert('insert into `re...', Array)
#5 D:\\Kodingan\\PuspaHolistic\\puspa-rest-api\\vendor\\laravel\\framework\\src\\Illuminate\\Database\\Eloquent\\Builder.php(1982): Illuminate\\Database\\Query\\Builder->insert(Array)
#6 D:\\Kodingan\\PuspaHolistic\\puspa-rest-api\\vendor\\laravel\\framework\\src\\Illuminate\\Database\\Eloquent\\Model.php(1310): Illuminate\\Database\\Eloquent\\Builder->__call('insert', Array)
#7 D:\\Kodingan\\PuspaHolistic\\puspa-rest-api\\vendor\\laravel\\framework\\src\\Illuminate\\Database\\Eloquent\\Model.php(1138): Illuminate\\Database\\Eloquent\\Model->performInsert(Object(Illuminate\\Database\\Eloquent\\Builder))
#8 D:\\Kodingan\\PuspaHolistic\\puspa-rest-api\\vendor\\laravel\\framework\\src\\Illuminate\\Database\\Eloquent\\Builder.php(1025): Illuminate\\Database\\Eloquent\\Model->save()
#9 D:\\Kodingan\\PuspaHolistic\\puspa-rest-api\\vendor\\laravel\\framework\\src\\Illuminate\\Support\\helpers.php(320): Illuminate\\Database\\Eloquent\\Builder->{closure:Illuminate\\Database\\Eloquent\\Builder::create():1024}(Object(App\\Models\\Reschedule))
#10 D:\\Kodingan\\PuspaHolistic\\puspa-rest-api\\vendor\\laravel\\framework\\src\\Illuminate\\Database\\Eloquent\\Builder.php(1024): tap(Object(App\\Models\\Reschedule), Object(Closure))
#11 D:\\Kodingan\\PuspaHolistic\\puspa-rest-api\\vendor\\laravel\\framework\\src\\Illuminate\\Support\\Traits\\ForwardsCalls.php(23): Illuminate\\Database\\Eloquent\\Builder->create(Array)
#12 D:\\Kodingan\\PuspaHolistic\\puspa-rest-api\\vendor\\laravel\\framework\\src\\Illuminate\\Database\\Eloquent\\Model.php(2335): Illuminate\\Database\\Eloquent\\Model->forwardCallTo(Object(Illuminate\\Database\\Eloquent\\Builder), 'create', Array)
#13 D:\\Kodingan\\PuspaHolistic\\puspa-rest-api\\vendor\\laravel\\framework\\src\\Illuminate\\Database\\Eloquent\\Model.php(2347): Illuminate\\Database\\Eloquent\\Model->__call('create', Array)
#14 D:\\Kodingan\\PuspaHolistic\\puspa-rest-api\\app\\Services\\RescheduleService.php(29): Illuminate\\Database\\Eloquent\\Model::__callStatic('create', Array)
#15 D:\\Kodingan\\PuspaHolistic\\puspa-rest-api\\vendor\\laravel\\framework\\src\\Illuminate\\Database\\Concerns\\ManagesTransactions.php(30): App\\Services\\RescheduleService->{closure:App\\Services\\RescheduleService::createReschedule():13}(Object(Illuminate\\Database\\MySqlConnection))
#16 D:\\Kodingan\\PuspaHolistic\\puspa-rest-api\\vendor\\laravel\\framework\\src\\Illuminate\\Database\\DatabaseManager.php(509): Illuminate\\Database\\Connection->transaction(Object(Closure))
#17 D:\\Kodingan\\PuspaHolistic\\puspa-rest-api\\vendor\\laravel\\framework\\src\\Illuminate\\Support\\Facades\\Facade.php(355): Illuminate\\Database\\DatabaseManager->__call('transaction', Array)
#18 D:\\Kodingan\\PuspaHolistic\\puspa-rest-api\\app\\Services\\RescheduleService.php(13): Illuminate\\Support\\Facades\\Facade::__callStatic('transaction', Array)
#19 D:\\Kodingan\\PuspaHolistic\\puspa-rest-api\\app\\Http\\Controllers\\Admin\\RescheduleController.php(26): App\\Services\\RescheduleService->createReschedule(Object(App\\Models\\TherapySession), Array)
#20 D:\\Kodingan\\PuspaHolistic\\puspa-rest-api\\vendor\\laravel\\framework\\src\\Illuminate\\Routing\\Controller.php(54): App\\Http\\Controllers\\Admin\\RescheduleController->store(Object(App\\Http\\Requests\\StoreRescheduleRequest), Object(App\\Models\\TherapySession))
#21 D:\\Kodingan\\PuspaHolistic\\puspa-rest-api\\vendor\\laravel\\framework\\src\\Illuminate\\Routing\\ControllerDispatcher.php(43): Illuminate\\Routing\\Controller->callAction('store', Array)
#22 D:\\Kodingan\\PuspaHolistic\\puspa-rest-api\\vendor\\laravel\\framework\\src\\Illuminate\\Routing\\Route.php(259): Illuminate\\Routing\\ControllerDispatcher->dispatch(Object(Illuminate\\Routing\\Route), Object(App\\Http\\Controllers\\Admin\\RescheduleController), 'store')
#23 D:\\Kodingan\\PuspaHolistic\\puspa-rest-api\\vendor\\laravel\\framework\\src\\Illuminate\\Routing\\Route.php(205): Illuminate\\Routing\\Route->runController()
#24 D:\\Kodingan\\PuspaHolistic\\puspa-rest-api\\vendor\\laravel\\framework\\src\\Illuminate\\Routing\\Router.php(806): Illuminate\\Routing\\Route->run()
#25 D:\\Kodingan\\PuspaHolistic\\puspa-rest-api\\vendor\\laravel\\framework\\src\\Illuminate\\Pipeline\\Pipeline.php(144): Illuminate\\Routing\\Router->{closure:Illuminate\\Routing\\Router::runRouteWithinStack():805}(Object(Illuminate\\Http\\Request))
#26 D:\\Kodingan\\PuspaHolistic\\puspa-rest-api\\vendor\\spatie\\laravel-permission\\src\\Middleware\\RoleMiddleware.php(37): Illuminate\\Pipeline\\Pipeline->{closure:Illuminate\\Pipeline\\Pipeline::prepareDestination():142}(Object(Illuminate\\Http\\Request))
#27 D:\\Kodingan\\PuspaHolistic\\puspa-rest-api\\vendor\\laravel\\framework\\src\\Illuminate\\Pipeline\\Pipeline.php(183): Spatie\\Permission\\Middleware\\RoleMiddleware->handle(Object(Illuminate\\Http\\Request), Object(Closure), 'admin|owner')
#28 D:\\Kodingan\\PuspaHolistic\\puspa-rest-api\\vendor\\laravel\\framework\\src\\Illuminate\\Routing\\Middleware\\SubstituteBindings.php(50): Illuminate\\Pipeline\\Pipeline->{closure:{closure:Illuminate\\Pipeline\\Pipeline::carry():158}:159}(Object(Illuminate\\Http\\Request))
#29 D:\\Kodingan\\PuspaHolistic\\puspa-rest-api\\vendor\\laravel\\framework\\src\\Illuminate\\Pipeline\\Pipeline.php(183): Illuminate\\Routing\\Middleware\\SubstituteBindings->handle(Object(Illuminate\\Http\\Request), Object(Closure))
#30 D:\\Kodingan\\PuspaHolistic\\puspa-rest-api\\vendor\\laravel\\framework\\src\\Illuminate\\Routing\\Middleware\\ThrottleRequests.php(159): Illuminate\\Pipeline\\Pipeline->{closure:{closure:Illuminate\\Pipeline\\Pipeline::carry():158}:159}(Object(Illuminate\\Http\\Request))
#31 D:\\Kodingan\\PuspaHolistic\\puspa-rest-api\\vendor\\laravel\\framework\\src\\Illuminate\\Routing\\Middleware\\ThrottleRequests.php(125): Illuminate\\Routing\\Middleware\\ThrottleRequests->handleRequest(Object(Illuminate\\Http\\Request), Object(Closure), Array)
#32 D:\\Kodingan\\PuspaHolistic\\puspa-rest-api\\vendor\\laravel\\framework\\src\\Illuminate\\Routing\\Middleware\\ThrottleRequests.php(87): Illuminate\\Routing\\Middleware\\ThrottleRequests->handleRequestUsingNamedLimiter(Object(Illuminate\\Http\\Request), Object(Closure), 'authenticated', Object(Closure))
#33 D:\\Kodingan\\PuspaHolistic\\puspa-rest-api\\vendor\\laravel\\framework\\src\\Illuminate\\Pipeline\\Pipeline.php(183): Illuminate\\Routing\\Middleware\\ThrottleRequests->handle(Object(Illuminate\\Http\\Request), Object(Closure), 'authenticated')
#34 D:\\Kodingan\\PuspaHolistic\\puspa-rest-api\\vendor\\laravel\\framework\\src\\Illuminate\\Routing\\Middleware\\ThrottleRequests.php(159): Illuminate\\Pipeline\\Pipeline->{closure:{closure:Illuminate\\Pipeline\\Pipeline::carry():158}:159}(Object(Illuminate\\Http\\Request))
#35 D:\\Kodingan\\PuspaHolistic\\puspa-rest-api\\vendor\\laravel\\framework\\src\\Illuminate\\Routing\\Middleware\\ThrottleRequests.php(125): Illuminate\\Routing\\Middleware\\ThrottleRequests->handleRequest(Object(Illuminate\\Http\\Request), Object(Closure), Array)
#36 D:\\Kodingan\\PuspaHolistic\\puspa-rest-api\\vendor\\laravel\\framework\\src\\Illuminate\\Routing\\Middleware\\ThrottleRequests.php(87): Illuminate\\Routing\\Middleware\\ThrottleRequests->handleRequestUsingNamedLimiter(Object(Illuminate\\Http\\Request), Object(Closure), 'api', Object(Closure))
#37 D:\\Kodingan\\PuspaHolistic\\puspa-rest-api\\vendor\\laravel\\framework\\src\\Illuminate\\Pipeline\\Pipeline.php(183): Illuminate\\Routing\\Middleware\\ThrottleRequests->handle(Object(Illuminate\\Http\\Request), Object(Closure), 'api')
#38 D:\\Kodingan\\PuspaHolistic\\puspa-rest-api\\vendor\\laravel\\framework\\src\\Illuminate\\Auth\\Middleware\\Authenticate.php(57): Illuminate\\Pipeline\\Pipeline->{closure:{closure:Illuminate\\Pipeline\\Pipeline::carry():158}:159}(Object(Illuminate\\Http\\Request))
#39 D:\\Kodingan\\PuspaHolistic\\puspa-rest-api\\vendor\\laravel\\framework\\src\\Illuminate\\Pipeline\\Pipeline.php(183): Illuminate\\Auth\\Middleware\\Authenticate->handle(Object(Illuminate\\Http\\Request), Object(Closure), 'sanctum')
#40 D:\\Kodingan\\PuspaHolistic\\puspa-rest-api\\vendor\\laravel\\sanctum\\src\\Http\\Middleware\\EnsureFrontendRequestsAreStateful.php(25): Illuminate\\Pipeline\\Pipeline->{closure:{closure:Illuminate\\Pipeline\\Pipeline::carry():158}:159}(Object(Illuminate\\Http\\Request))
#41 D:\\Kodingan\\PuspaHolistic\\puspa-rest-api\\vendor\\laravel\\framework\\src\\Illuminate\\Pipeline\\Pipeline.php(144): Laravel\\Sanctum\\Http\\Middleware\\EnsureFrontendRequestsAreStateful->{closure:Laravel\\Sanctum\\Http\\Middleware\\EnsureFrontendRequestsAreStateful::handle():24}(Object(Illuminate\\Http\\Request))
#42 D:\\Kodingan\\PuspaHolistic\\puspa-rest-api\\vendor\\laravel\\framework\\src\\Illuminate\\Foundation\\Http\\Middleware\\VerifyCsrfToken.php(78): Illuminate\\Pipeline\\Pipeline->{closure:Illuminate\\Pipeline\\Pipeline::prepareDestination():142}(Object(Illuminate\\Http\\Request))
#43 D:\\Kodingan\\PuspaHolistic\\puspa-rest-api\\vendor\\laravel\\framework\\src\\Illuminate\\Pipeline\\Pipeline.php(183): Illuminate\\Foundation\\Http\\Middleware\\VerifyCsrfToken->handle(Object(Illuminate\\Http\\Request), Object(Closure))
#44 D:\\Kodingan\\PuspaHolistic\\puspa-rest-api\\vendor\\laravel\\framework\\src\\Illuminate\\Session\\Middleware\\StartSession.php(121): Illuminate\\Pipeline\\Pipeline->{closure:{closure:Illuminate\\Pipeline\\Pipeline::carry():158}:159}(Object(Illuminate\\Http\\Request))
#45 D:\\Kodingan\\PuspaHolistic\\puspa-rest-api\\vendor\\laravel\\framework\\src\\Illuminate\\Session\\Middleware\\StartSession.php(64): Illuminate\\Session\\Middleware\\StartSession->handleStatefulRequest(Object(Illuminate\\Http\\Request), Object(Illuminate\\Session\\Store), Object(Closure))
#46 D:\\Kodingan\\PuspaHolistic\\puspa-rest-api\\vendor\\laravel\\framework\\src\\Illuminate\\Pipeline\\Pipeline.php(183): Illuminate\\Session\\Middleware\\StartSession->handle(Object(Illuminate\\Http\\Request), Object(Closure))
#47 D:\\Kodingan\\PuspaHolistic\\puspa-rest-api\\vendor\\laravel\\framework\\src\\Illuminate\\Cookie\\Middleware\\AddQueuedCookiesToResponse.php(37): Illuminate\\Pipeline\\Pipeline->{closure:{closure:Illuminate\\Pipeline\\Pipeline::carry():158}:159}(Object(Illuminate\\Http\\Request))
#48 D:\\Kodingan\\PuspaHolistic\\puspa-rest-api\\vendor\\laravel\\framework\\src\\Illuminate\\Pipeline\\Pipeline.php(183): Illuminate\\Cookie\\Middleware\\AddQueuedCookiesToResponse->handle(Object(Illuminate\\Http\\Request), Object(Closure))
#49 D:\\Kodingan\\PuspaHolistic\\puspa-rest-api\\vendor\\laravel\\framework\\src\\Illuminate\\Cookie\\Middleware\\EncryptCookies.php(67): Illuminate\\Pipeline\\Pipeline->{closure:{closure:Illuminate\\Pipeline\\Pipeline::carry():158}:159}(Object(Illuminate\\Http\\Request))
#50 D:\\Kodingan\\PuspaHolistic\\puspa-rest-api\\vendor\\laravel\\framework\\src\\Illuminate\\Pipeline\\Pipeline.php(183): Illuminate\\Cookie\\Middleware\\EncryptCookies->handle(Object(Illuminate\\Http\\Request), Object(Closure))
#51 D:\\Kodingan\\PuspaHolistic\\puspa-rest-api\\vendor\\laravel\\sanctum\\src\\Http\\Middleware\\EnsureFrontendRequestsAreStateful.php(61): Illuminate\\Pipeline\\Pipeline->{closure:{closure:Illuminate\\Pipeline\\Pipeline::carry():158}:159}(Object(Illuminate\\Http\\Request))
#52 D:\\Kodingan\\PuspaHolistic\\puspa-rest-api\\vendor\\laravel\\framework\\src\\Illuminate\\Pipeline\\Pipeline.php(165): Laravel\\Sanctum\\Http\\Middleware\\EnsureFrontendRequestsAreStateful->{closure:Laravel\\Sanctum\\Http\\Middleware\\EnsureFrontendRequestsAreStateful::frontendMiddleware():58}(Object(Illuminate\\Http\\Request), Object(Closure))
#53 D:\\Kodingan\\PuspaHolistic\\puspa-rest-api\\vendor\\laravel\\framework\\src\\Illuminate\\Pipeline\\Pipeline.php(119): Illuminate\\Pipeline\\Pipeline->{closure:{closure:Illuminate\\Pipeline\\Pipeline::carry():158}:159}(Object(Illuminate\\Http\\Request))
#54 D:\\Kodingan\\PuspaHolistic\\puspa-rest-api\\vendor\\laravel\\sanctum\\src\\Http\\Middleware\\EnsureFrontendRequestsAreStateful.php(24): Illuminate\\Pipeline\\Pipeline->then(Object(Closure))
#55 D:\\Kodingan\\PuspaHolistic\\puspa-rest-api\\vendor\\laravel\\framework\\src\\Illuminate\\Pipeline\\Pipeline.php(183): Laravel\\Sanctum\\Http\\Middleware\\EnsureFrontendRequestsAreStateful->handle(Object(Illuminate\\Http\\Request), Object(Closure))
#56 D:\\Kodingan\\PuspaHolistic\\puspa-rest-api\\vendor\\laravel\\framework\\src\\Illuminate\\Pipeline\\Pipeline.php(119): Illuminate\\Pipeline\\Pipeline->{closure:{closure:Illuminate\\Pipeline\\Pipeline::carry():158}:159}(Object(Illuminate\\Http\\Request))
#57 D:\\Kodingan\\PuspaHolistic\\puspa-rest-api\\vendor\\laravel\\framework\\src\\Illuminate\\Routing\\Router.php(805): Illuminate\\Pipeline\\Pipeline->then(Object(Closure))
#58 D:\\Kodingan\\PuspaHolistic\\puspa-rest-api\\vendor\\laravel\\framework\\src\\Illuminate\\Routing\\Router.php(784): Illuminate\\Routing\\Router->runRouteWithinStack(Object(Illuminate\\Routing\\Route), Object(Illuminate\\Http\\Request))
#59 D:\\Kodingan\\PuspaHolistic\\puspa-rest-api\\vendor\\laravel\\framework\\src\\Illuminate\\Routing\\Router.php(748): Illuminate\\Routing\\Router->runRoute(Object(Illuminate\\Http\\Request), Object(Illuminate\\Routing\\Route))
#60 D:\\Kodingan\\PuspaHolistic\\puspa-rest-api\\vendor\\laravel\\framework\\src\\Illuminate\\Routing\\Router.php(737): Illuminate\\Routing\\Router->dispatchToRoute(Object(Illuminate\\Http\\Request))
#61 D:\\Kodingan\\PuspaHolistic\\puspa-rest-api\\vendor\\laravel\\framework\\src\\Illuminate\\Foundation\\Http\\Kernel.php(200): Illuminate\\Routing\\Router->dispatch(Object(Illuminate\\Http\\Request))
#62 D:\\Kodingan\\PuspaHolistic\\puspa-rest-api\\vendor\\laravel\\framework\\src\\Illuminate\\Pipeline\\Pipeline.php(144): Illuminate\\Foundation\\Http\\Kernel->{closure:Illuminate\\Foundation\\Http\\Kernel::dispatchToRouter():197}(Object(Illuminate\\Http\\Request))
#63 D:\\Kodingan\\PuspaHolistic\\puspa-rest-api\\vendor\\laravel\\framework\\src\\Illuminate\\Foundation\\Http\\Middleware\\TransformsRequest.php(21): Illuminate\\Pipeline\\Pipeline->{closure:Illuminate\\Pipeline\\Pipeline::prepareDestination():142}(Object(Illuminate\\Http\\Request))
#64 D:\\Kodingan\\PuspaHolistic\\puspa-rest-api\\vendor\\laravel\\framework\\src\\Illuminate\\Foundation\\Http\\Middleware\\ConvertEmptyStringsToNull.php(31): Illuminate\\Foundation\\Http\\Middleware\\TransformsRequest->handle(Object(Illuminate\\Http\\Request), Object(Closure))
#65 D:\\Kodingan\\PuspaHolistic\\puspa-rest-api\\vendor\\laravel\\framework\\src\\Illuminate\\Pipeline\\Pipeline.php(183): Illuminate\\Foundation\\Http\\Middleware\\ConvertEmptyStringsToNull->handle(Object(Illuminate\\Http\\Request), Object(Closure))
#66 D:\\Kodingan\\PuspaHolistic\\puspa-rest-api\\vendor\\laravel\\framework\\src\\Illuminate\\Foundation\\Http\\Middleware\\TransformsRequest.php(21): Illuminate\\Pipeline\\Pipeline->{closure:{closure:Illuminate\\Pipeline\\Pipeline::carry():158}:159}(Object(Illuminate\\Http\\Request))
#67 D:\\Kodingan\\PuspaHolistic\\puspa-rest-api\\vendor\\laravel\\framework\\src\\Illuminate\\Foundation\\Http\\Middleware\\TrimStrings.php(40): Illuminate\\Foundation\\Http\\Middleware\\TransformsRequest->handle(Object(Illuminate\\Http\\Request), Object(Closure))
#68 D:\\Kodingan\\PuspaHolistic\\puspa-rest-api\\vendor\\laravel\\framework\\src\\Illuminate\\Pipeline\\Pipeline.php(183): Illuminate\\Foundation\\Http\\Middleware\\TrimStrings->handle(Object(Illuminate\\Http\\Request), Object(Closure))
#69 D:\\Kodingan\\PuspaHolistic\\puspa-rest-api\\vendor\\laravel\\framework\\src\\Illuminate\\Foundation\\Http\\Middleware\\ValidatePostSize.php(27): Illuminate\\Pipeline\\Pipeline->{closure:{closure:Illuminate\\Pipeline\\Pipeline::carry():158}:159}(Object(Illuminate\\Http\\Request))
#70 D:\\Kodingan\\PuspaHolistic\\puspa-rest-api\\vendor\\laravel\\framework\\src\\Illuminate\\Pipeline\\Pipeline.php(183): Illuminate\\Foundation\\Http\\Middleware\\ValidatePostSize->handle(Object(Illuminate\\Http\\Request), Object(Closure))
#71 D:\\Kodingan\\PuspaHolistic\\puspa-rest-api\\vendor\\laravel\\framework\\src\\Illuminate\\Foundation\\Http\\Middleware\\PreventRequestsDuringMaintenance.php(99): Illuminate\\Pipeline\\Pipeline->{closure:{closure:Illuminate\\Pipeline\\Pipeline::carry():158}:159}(Object(Illuminate\\Http\\Request))
#72 D:\\Kodingan\\PuspaHolistic\\puspa-rest-api\\vendor\\laravel\\framework\\src\\Illuminate\\Pipeline\\Pipeline.php(183): Illuminate\\Foundation\\Http\\Middleware\\PreventRequestsDuringMaintenance->handle(Object(Illuminate\\Http\\Request), Object(Closure))
#73 D:\\Kodingan\\PuspaHolistic\\puspa-rest-api\\vendor\\laravel\\framework\\src\\Illuminate\\Http\\Middleware\\HandleCors.php(62): Illuminate\\Pipeline\\Pipeline->{closure:{closure:Illuminate\\Pipeline\\Pipeline::carry():158}:159}(Object(Illuminate\\Http\\Request))
#74 D:\\Kodingan\\PuspaHolistic\\puspa-rest-api\\vendor\\laravel\\framework\\src\\Illuminate\\Pipeline\\Pipeline.php(183): Illuminate\\Http\\Middleware\\HandleCors->handle(Object(Illuminate\\Http\\Request), Object(Closure))
#75 D:\\Kodingan\\PuspaHolistic\\puspa-rest-api\\vendor\\laravel\\framework\\src\\Illuminate\\Http\\Middleware\\TrustProxies.php(39): Illuminate\\Pipeline\\Pipeline->{closure:{closure:Illuminate\\Pipeline\\Pipeline::carry():158}:159}(Object(Illuminate\\Http\\Request))
#76 D:\\Kodingan\\PuspaHolistic\\puspa-rest-api\\vendor\\laravel\\framework\\src\\Illuminate\\Pipeline\\Pipeline.php(183): Illuminate\\Http\\Middleware\\TrustProxies->handle(Object(Illuminate\\Http\\Request), Object(Closure))
#77 D:\\Kodingan\\PuspaHolistic\\puspa-rest-api\\vendor\\laravel\\framework\\src\\Illuminate\\Pipeline\\Pipeline.php(119): Illuminate\\Pipeline\\Pipeline->{closure:{closure:Illuminate\\Pipeline\\Pipeline::carry():158}:159}(Object(Illuminate\\Http\\Request))
#78 D:\\Kodingan\\PuspaHolistic\\puspa-rest-api\\vendor\\laravel\\framework\\src\\Illuminate\\Foundation\\Http\\Kernel.php(175): Illuminate\\Pipeline\\Pipeline->then(Object(Closure))
#79 D:\\Kodingan\\PuspaHolistic\\puspa-rest-api\\vendor\\laravel\\framework\\src\\Illuminate\\Foundation\\Http\\Kernel.php(144): Illuminate\\Foundation\\Http\\Kernel->sendRequestThroughRouter(Object(Illuminate\\Http\\Request))
#80 D:\\Kodingan\\PuspaHolistic\\puspa-rest-api\\public\\index.php(51): Illuminate\\Foundation\\Http\\Kernel->handle(Object(Illuminate\\Http\\Request))
#81 D:\\Kodingan\\PuspaHolistic\\puspa-rest-api\\vendor\\laravel\\framework\\src\\Illuminate\\Foundation\\resources\\server.php(16): require_once('D:\\\\Kodingan\\\\Pus...')
#82 {main}
"} 
[2026-10-05 14:07:26] local.ERROR: Database Error: SQLSTATE[23000]: Integrity constraint violation: 1062 Duplicate entry '01m3vd6hr4aqbp0h42fbvaea95' for key 'reschedules.reschedules_original_session_id_unique' (Connection: mysql, SQL: insert into `reschedules` (`original_session_id`, `new_session_id`, `requested_by`, `reason`, `id`, `updated_at`, `created_at`) values (01m3vd6hr4aqbp0h42fbvaea95, 01m45e72v99p1r0tk77k0xwfrc, guardian, demam, 01m45e72vb898tsde6kjk0b5kg, 2026-10-05 14:07:26, 2026-10-05 14:07:26)) {"sql":"insert into `reschedules` (`original_session_id`, `new_session_id`, `requested_by`, `reason`, `id`, `updated_at`, `created_at`) values (?, ?, ?, ?, ?, ?, ?)","bindings":["01m3vd6hr4aqbp0h42fbvaea95","01m45e72v99p1r0tk77k0xwfrc","guardian","demam","01m45e72vb898tsde6kjk0b5kg","2026-10-05 14:07:26","2026-10-05 14:07:26"],"url":"http://127.0.0.1:8000/api/v1/sessions/01m3vd6hr4aqbp0h42fbvaea95/reschedule","method":"POST"} 
[2026-10-05 14:07:26] local.ERROR: Unhandled Exception: SQLSTATE[23000]: Integrity constraint violation: 1062 Duplicate entry '01m3vd6hr4aqbp0h42fbvaea95' for key 'reschedules.reschedules_original_session_id_unique' (Connection: mysql, SQL: insert into `reschedules` (`original_session_id`, `new_session_id`, `requested_by`, `reason`, `id`, `updated_at`, `created_at`) values (01m3vd6hr4aqbp0h42fbvaea95, 01m45e72v99p1r0tk77k0xwfrc, guardian, demam, 01m45e72vb898tsde6kjk0b5kg, 2026-10-05 14:07:26, 2026-10-05 14:07:26)) {"exception":"Illuminate\\Database\\UniqueConstraintViolationException","file":"D:\\Kodingan\\PuspaHolistic\\puspa-rest-api\\vendor\\laravel\\framework\\src\\Illuminate\\Database\\Connection.php","line":824,"url":"http://127.0.0.1:8000/api/v1/sessions/01m3vd6hr4aqbp0h42fbvaea95/reschedule","method":"POST","ip":"127.0.0.1","user_agent":"Mozilla/5.0 (Windows NT 10.0; Win64; x64) AppleWebKit/537.36 (KHTML, like Gecko) Chrome/154.0.0.0 Safari/537.36","user_id":"01m3vd6fe801hcy8a1bfswg8k3"} 
